// Jest Snapshot v1, https://goo.gl/fbAQLP

exports[`CodeReconciler.reconcile inserts new expressions 1`] = `
"const page = await qawolf.waitForPage(context, 0, { waitUntil: \\"domcontentloaded\\" });
await page.click(\\"text=Log in\\");
// üê∫ create code here"
`;

exports[`CodeReconciler.reconcile updates the last expression 1`] = `
"const page = await qawolf.waitForPage(context, 0, { waitUntil: \\"domcontentloaded\\" });
await page.click(\\"#username\\");
"
`;

exports[`CodeReconciler.reconcile updates the last expression after a step was removed (ex: paste) 1`] = `
"const page = await qawolf.waitForPage(context, 0, { waitUntil: \\"domcontentloaded\\" });
await page.click(\\"#username\\");
"
`;
